<html>
<body>
<pre>
<h1>礦ision Build Log</h1>
<h2>Tool Versions:</h2>
IDE-Version: μVision V5.34.0.0
Copyright (C) 2021 ARM Ltd and ARM Germany GmbH. All rights reserved.
License Information: yk w, wyk, LIC=14HV2-9UAME-LQC0Q-NADNC-3FT8C-M9IJP
 
Tool Versions:
Toolchain:       MDK-ARM Plus  Version: 5.34.0.0
Toolchain Path:  D:\keil_v5\ARM\ARMCC\Bin
C Compiler:      Armcc.exe V5.06 update 7 (build 960)
Assembler:       Armasm.exe V5.06 update 7 (build 960)
Linker/Locator:  ArmLink.exe V5.06 update 7 (build 960)
Library Manager: ArmAr.exe V5.06 update 7 (build 960)
Hex Converter:   FromElf.exe V5.06 update 7 (build 960)
CPU DLL:         SARMCM3.DLL V5.34.0.0
Dialog DLL:      DCM.DLL V1.17.3.0
Target DLL:      UL2CM3.DLL V1.163.9.0
Dialog DLL:      TCM.DLL V1.48.0.0
 
<h2>Project:</h2>
C:\Users\Admin\Desktop\Pro413xin-240322-1720\Pro413xin-240322-1720\project\stm32f429.uvprojx
Project File Date:  03/22/2024

<h2>Output:</h2>
*** Using Compiler 'V5.06 update 7 (build 960)', folder: 'D:\keil_v5\ARM\ARMCC\Bin'
Build target 'stm32f429'
assembling startup_stm32f429_439xx.s...
compiling misc.c...
compiling system_stm32f4xx.c...
compiling stm32f4xx_adc.c...
compiling SysConfig.c...
compiling DealWithChar.c...
compiling main.c...
..\user\main.c(308): warning:  #177-D: variable "buf"  was declared but never referenced
  	char buf[30] = {0};
..\user\main.c: 1 warning, 0 errors
compiling stm32f4xx_it.c...
compiling stm32f4xx_cec.c...
compiling stm32f4xx_can.c...
compiling stm32f4xx_crc.c...
compiling stm32f4xx_cryp.c...
compiling stm32f4xx_cryp_aes.c...
compiling stm32f4xx_cryp_des.c...
compiling stm32f4xx_cryp_tdes.c...
compiling stm32f4xx_dcmi.c...
compiling stm32f4xx_dac.c...
compiling stm32f4xx_dbgmcu.c...
compiling stm32f4xx_dma.c...
compiling stm32f4xx_dma2d.c...
compiling stm32f4xx_exti.c...
compiling stm32f4xx_flash.c...
compiling stm32f4xx_flash_ramfunc.c...
compiling stm32f4xx_fmpi2c.c...
compiling stm32f4xx_gpio.c...
compiling stm32f4xx_hash.c...
compiling stm32f4xx_hash_md5.c...
compiling stm32f4xx_hash_sha1.c...
compiling stm32f4xx_i2c.c...
compiling stm32f4xx_iwdg.c...
compiling stm32f4xx_pwr.c...
compiling stm32f4xx_ltdc.c...
compiling stm32f4xx_qspi.c...
compiling stm32f4xx_rcc.c...
compiling stm32f4xx_rng.c...
compiling stm32f4xx_sai.c...
compiling stm32f4xx_rtc.c...
compiling stm32f4xx_spdifrx.c...
compiling stm32f4xx_sdio.c...
compiling os_dbg.c...
compiling os_cpu_c.c...
compiling stm32f4xx_spi.c...
compiling stm32f4xx_syscfg.c...
assembling os_cpu_a.asm...
compiling stm32f4xx_tim.c...
compiling stm32f4xx_usart.c...
compiling stm32f4xx_wwdg.c...
compiling ucos_ii.c...
compiling bsp_debug_usart.c...
compiling bsp_uart.c...
..\bsp\bsp_uart.c(1246): warning:  #177-D: variable "i"  was declared but never referenced
  	static INT8U i = 0; 
..\bsp\bsp_uart.c(1247): warning:  #177-D: variable "recvofset"  was declared but never referenced
  	INT16U  recvofset = 0;
..\bsp\bsp_uart.c(1249): warning:  #177-D: variable "len"  was declared but never referenced
      INT16U len;
..\bsp\bsp_uart.c: 3 warnings, 0 errors
compiling bsp_sdio_sd.c...
compiling bsp_rs485.c...
compiling bsp_spi.c...
compiling bsp_exti_irq.c...
compiling bsp_i2c.c...
compiling bsp_can.c...
compiling bsp_rtc.c...
compiling bsp_MPulse.c...
compiling bsp_adc.c...
compiling bsp_io.c...
compiling spi_flash.c...
compiling bsp_SST25VF016.c...
compiling w25qxx.c...
compiling cc936.c...
compiling ff.c...
compiling diskio.c...
compiling delay.c...
compiling app_hooks.c...
compiling usb_task.c...
..\app\usb_task\usb_task.c(25): warning:  #177-D: variable "USBTaskOSQ"  was declared but never referenced
  static void *USBTaskOSQ[USB_Q_LEN];					// 娑堟伅闃熷垪
..\app\usb_task\usb_task.c(26): warning:  #177-D: variable "USBTaskEvent"  was declared but never referenced
  static OS_EVENT *USBTaskEvent;				            // 浣跨敤鐨勪簨浠?
..\app\usb_task\usb_task.c: 2 warnings, 0 errors
compiling usb_hcd.c...
compiling usbh_ioreq.c...
compiling usbh_stdreq.c...
compiling usbh_hcs.c...
compiling usb_hcd_int.c...
compiling usb_core.c...
compiling usbh_core.c...
compiling version.c...
compiling usbh_usr.c...
compiling usb_bsp.c...
compiling usb_main.c...
compiling usbh_msc_core.c...
compiling usbh_msc_bot.c...
compiling usbh_msc_scsi.c...
compiling DwinProtocol.c...
compiling MenuDisp.c...
compiling RTC_task.c...
compiling DispShowStatus.c...
compiling DispkeyFunction.c...
compiling RS485Meter.c...
compiling Des.c...
compiling Dispkey.c...
compiling charging_Interface.c...
compiling DisplayMain.c...
..\app\Display\DisplayMain.c(2102): warning:  #940-D: missing return statement at end of non-void function "Munu10_PortSert" 
  }
..\app\Display\DisplayMain.c(2133): warning:  #940-D: missing return statement at end of non-void function "Munu10_IP1Sert" 
  }
..\app\Display\DisplayMain.c(2164): warning:  #940-D: missing return statement at end of non-void function "Munu10_IP2Sert" 
  }
..\app\Display\DisplayMain.c(2195): warning:  #940-D: missing return statement at end of non-void function "Munu10_IP3Sert" 
  }
..\app\Display\DisplayMain.c(2226): warning:  #940-D: missing return statement at end of non-void function "Munu10_IP4Sert" 
  }
..\app\Display\DisplayMain.c(2261): warning:  #940-D: missing return statement at end of non-void function "Munu10_NetNumSet" 
  }
..\app\Display\DisplayMain.c(3773): warning:  #177-D: variable "MeterAdd"  was declared but never referenced
  	INT8U MeterAdd[12] = {'a','a','a','a','a','a','a','a','a','a','a','a'};
..\app\Display\DisplayMain.c(6196): warning:  #940-D: missing return statement at end of non-void function "Dispose_ACSW" 
  }
..\app\Display\DisplayMain.c(6473): warning:  #177-D: variable "kwa"  was declared but never referenced
  	INT16U kwa = 0,kwb = 0;
..\app\Display\DisplayMain.c(6473): warning:  #177-D: variable "kwb"  was declared but never referenced
  	INT16U kwa = 0,kwb = 0;
..\app\Display\DisplayMain.c(6474): warning:  #177-D: variable "power"  was declared but never referenced
  	INT16U power = 0;
..\app\Display\DisplayMain.c(6431): warning:  #177-D: function "bug_dispose"  was declared but never referenced
  static INT8U bug_dispose(void)
..\app\Display\DisplayMain.c: 12 warnings, 0 errors
compiling waittimeout.c...
compiling MyList.c...
compiling card_cpu.c...
..\app\card_cpu\card_cpu.c(1159): warning:  #177-D: function "M1_WriterCardLock"  was declared but never referenced
  static INT8U M1_WriterCardLock()
..\app\card_cpu\card_cpu.c: 1 warning, 0 errors
compiling FlashDataDeal.c...
..\app\flash\FlashDataDeal.c(483): warning:  #940-D: missing return statement at end of non-void function "read_flashbuf" 
  }
..\app\flash\FlashDataDeal.c(496): warning:  #940-D: missing return statement at end of non-void function "Nflash_test" 
  }
..\app\flash\FlashDataDeal.c: 2 warnings, 0 errors
compiling dhcp.c...
..\w5500\W5500\w5500_conf.h(7): warning:  #1215-D: #warning directive: "消除警告时屏蔽了是否有问题 20211104"
  #warning "消除警告时屏蔽了是否有问题 20211104"
..\w5500\Internet\dhcp.c: 1 warning, 0 errors
compiling tcp_demo.c...
..\w5500\W5500\W5500_conf.h(7): warning:  #1215-D: #warning directive: "消除警告时屏蔽了是否有问题 20211104"
  #warning "消除警告时屏蔽了是否有问题 20211104"
..\w5500\Internet\tcp_demo.c: 1 warning, 0 errors
compiling W5500Main.c...
..\w5500\W5500\w5500_conf.h(7): warning:  #1215-D: #warning directive: "消除警告时屏蔽了是否有问题 20211104"
  #warning "消除警告时屏蔽了是否有问题 20211104"
..\app\ETH\W5500Main.c: 1 warning, 0 errors
compiling socket.c...
..\w5500\W5500\W5500_conf.h(7): warning:  #1215-D: #warning directive: "消除警告时屏蔽了是否有问题 20211104"
  #warning "消除警告时屏蔽了是否有问题 20211104"
..\w5500\W5500\socket.c: 1 warning, 0 errors
compiling utility.c...
..\w5500\W5500\w5500_conf.h(7): warning:  #1215-D: #warning directive: "消除警告时屏蔽了是否有问题 20211104"
  #warning "消除警告时屏蔽了是否有问题 20211104"
..\w5500\W5500\utility.c: 1 warning, 0 errors
compiling w5500.c...
..\w5500\W5500\w5500_conf.h(7): warning:  #1215-D: #warning directive: "消除警告时屏蔽了是否有问题 20211104"
  #warning "消除警告时屏蔽了是否有问题 20211104"
..\w5500\W5500\w5500.c: 1 warning, 0 errors
compiling BmsTimeout.c...
compiling w5500_conf.c...
..\w5500\W5500\w5500_conf.h(7): warning:  #1215-D: #warning directive: "消除警告时屏蔽了是否有问题 20211104"
  #warning "消除警告时屏蔽了是否有问题 20211104"
..\w5500\W5500\w5500_conf.c: 1 warning, 0 errors
compiling ConnectBMSFrame.c...
compiling ConnectBMSInterface.c...
..\app\connect_bms\ConnectBMSInterface.c(386): warning:  #550-D: variable "pStruct"  was set but never used
  	_BMS_BCS_CONTEXT *pStruct;
..\app\connect_bms\ConnectBMSInterface.c(419): warning:  #550-D: variable "pStruct"  was set but never used
  	_BMS_BCS_CONTEXT *pStruct;
..\app\connect_bms\ConnectBMSInterface.c: 2 warnings, 0 errors
compiling ConnectBMS.c...
..\app\connect_bms\ConnectBMS.c(1072): warning:  #1215-D: #warning directive: "多包接收做得兼容性好一点，   2020"
  	#warning "多包接收做得兼容性好一点，   2020"
..\app\connect_bms\ConnectBMS.c(1291): warning:  #1215-D: #warning directive: "多包接收做得兼容性好一点，   2020"
  	#warning "多包接收做得兼容性好一点，   2020"
..\app\connect_bms\ConnectBMS.c: 2 warnings, 0 errors
compiling 4GMain.c...
..\app\4G\4GMain.c(925): warning:  #177-D: variable "i"  was declared but never referenced
  	static INT32U i = 0;
..\app\4G\4GMain.c: 1 warning, 0 errors
compiling 4GSend.c...
compiling 4GRecv.c...
compiling ControlMain.c...
..\app\control\ControlMain.c(1124): warning:  #177-D: variable "pdisposedata"  was declared but never referenced
  	 _BSP_MESSAGE * pdisposedata = pdata;
..\app\control\ControlMain.c(1148): warning:  #177-D: variable "pdisposedata"  was declared but never referenced
  	 _BSP_MESSAGE * pdisposedata = pdata;
..\app\control\ControlMain.c(1172): warning:  #177-D: variable "pdisposedata"  was declared but never referenced
  	 _BSP_MESSAGE * pdisposedata = pdata;
..\app\control\ControlMain.c(1197): warning:  #177-D: variable "pdisposedata"  was declared but never referenced
  	 _BSP_MESSAGE * pdisposedata = pdata;
..\app\control\ControlMain.c(1225): warning:  #177-D: variable "pdisposedata"  was declared but never referenced
  	 _BSP_MESSAGE * pdisposedata = pdata;
..\app\control\ControlMain.c(1259): warning:  #177-D: variable "pdisposedata"  was declared but never referenced
  	 _BSP_MESSAGE * pdisposedata = pdata;
..\app\control\ControlMain.c(1963): warning:  #550-D: variable "pMsg"  was set but never used
  	_BSP_MESSAGE *pMsg = NULL;
..\app\control\ControlMain.c(2008): warning:  #550-D: variable "pMsg"  was set but never used
  	_BSP_MESSAGE *pMsg = NULL;
..\app\control\ControlMain.c(2055): warning:  #177-D: variable "ptr"  was declared but never referenced
       _BSP_MESSAGE* ptr = (_BSP_MESSAGE *)pdata;
..\app\control\ControlMain.c(2158): warning:  #177-D: variable "ptr"  was declared but never referenced
       _BSP_MESSAGE* ptr = (_BSP_MESSAGE *)pdata;
..\app\control\ControlMain.c(2574): warning:  #224-D: the format string requires additional arguments
  				printf("PowerModuleInfo[gun].OutputInfo.Vol =%d,BMSDemandInfo[gun].Vol =%d\r\n,PowerModuleInfo[gun].OutputInfo.Vol,BMSDemandInfo[gun].Vol");
..\app\control\ControlMain.c(2409): warning:  #550-D: variable "pmsg"  was set but never used
  	_BSP_MESSAGE * pmsg;
..\app\control\ControlMain.c(2892): warning:  #224-D: the format string requires additional arguments
  				printf("PowerModuleInfo[gun].OutputInfo.Vol =%d,BMSDemandInfo[gun].Vol =%d\r\n,PowerModuleInfo[gun].OutputInfo.Vol,BMSDemandInfo[gun].Vol");
..\app\control\ControlMain.c(2728): warning:  #550-D: variable "pmsg"  was set but never used
  	_BSP_MESSAGE * pmsg;
..\app\control\ControlMain.c(3030): warning:  #177-D: variable "pdisposedata"  was declared but never referenced
  	 _BSP_MESSAGE * pdisposedata = pdata;
..\app\control\ControlMain.c(3057): warning:  #177-D: variable "pdisposedata"  was declared but never referenced
  	 _BSP_MESSAGE * pdisposedata = pdata;
..\app\control\ControlMain.c(3085): warning:  #177-D: variable "pdisposedata"  was declared but never referenced
  	_BSP_MESSAGE * pdisposedata = pdata;
..\app\control\ControlMain.c(3261): warning:  #177-D: variable "pdisposedata"  was declared but never referenced
  	_BSP_MESSAGE * pdisposedata = pdata;
..\app\control\ControlMain.c(3440): warning:  #177-D: variable "pdispose"  was declared but never referenced
  	_BSP_MESSAGE * pdispose = pdata;
..\app\control\ControlMain.c(3632): warning:  #177-D: variable "pdispose"  was declared but never referenced
  	_BSP_MESSAGE * pdispose = pdata;
..\app\control\ControlMain.c(3819): warning:  #177-D: variable "pdisposedata"  was declared but never referenced
  	_BSP_MESSAGE * pdisposedata = pdata;
..\app\control\ControlMain.c(3856): warning:  #177-D: variable "pdisposedata"  was declared but never referenced
  	_BSP_MESSAGE * pdisposedata = pdata;
..\app\control\ControlMain.c(3891): warning:  #177-D: variable "pdisposedata"  was declared but never referenced
  	_BSP_MESSAGE * pdisposedata = pdata;
..\app\control\ControlMain.c(3912): warning:  #177-D: variable "pdisposedata"  was declared but never referenced
  	_BSP_MESSAGE * pdisposedata = pdata;
..\app\control\ControlMain.c(4140): warning:  #177-D: variable "oldState3"  was declared but never referenced
      static INT8U oldState3 = 0;
..\app\control\ControlMain.c(4147): warning:  #177-D: variable "p2"  was declared but never referenced
      _APP_CHARGE_STATE2 *p2 = &PowerModuleInfo[gun].TotalState;
..\app\control\ControlMain.c(4897): warning:  #188-D: enumerated type mixed with another type
  		 if ((BSP_GetTemp1(gun) > ADCJustInfo[gun].T1_120) || (BSP_GetTemp2(gun) > ADCJustInfo[gun].T2_120) ) 
..\app\control\ControlMain.c(4897): warning:  #188-D: enumerated type mixed with another type
  		 if ((BSP_GetTemp1(gun) > ADCJustInfo[gun].T1_120) || (BSP_GetTemp2(gun) > ADCJustInfo[gun].T2_120) ) 
..\app\control\ControlMain.c: 28 warnings, 0 errors
compiling _66Frame.c...
..\app\4G\_66Frame.c(693): warning:  #177-D: variable "Sendbuf"  was declared but never referenced
  	INT8U Sendbuf[200] = {0};
..\app\4G\_66Frame.c(751): warning:  #177-D: variable "psend202"  was declared but never referenced
  	_66_cmd_202 *psend202 = (_66_cmd_202 *)pdata;
..\app\4G\_66Frame.c(809): warning:  #940-D: missing return statement at end of non-void function "_66_SendRateAck" 
  }
..\app\4G\_66Frame.c(1591): warning:  #177-D: variable "gun"  was declared but never referenced
  	INT8U gun;
..\app\4G\_66Frame.c(1592): warning:  #177-D: variable "Msg"  was declared but never referenced
  	static _BSP_MESSAGE Msg[GUN_MAX];
..\app\4G\_66Frame.c(1594): warning:  #177-D: variable "pcmd103"  was declared but never referenced
  	_66_cmd_103 * pcmd103;
..\app\4G\_66Frame.c(1628): warning:  #177-D: variable "SetTime"  was declared but never referenced
  	_BSPRTC_TIME SetTime;                       //璁惧畾鏃堕棿
..\app\4G\_66Frame.c(1629): warning:  #177-D: variable "times"  was declared but never referenced
  	INT8U times = 3;							//濡傛灉璁剧疆澶辫触鍙嶅璁剧疆涓夋
..\app\4G\_66Frame.c(1829): warning:  #177-D: variable "FlashOper"  was declared but never referenced
  	_FLASH_OPERATION  FlashOper;
..\app\4G\_66Frame.c(1883): warning:  #188-D: enumerated type mixed with another type
  	puserinfo  = GetChargingInfo(Recv66Cmd1305.gun);
..\app\4G\_66Frame.c: 10 warnings, 0 errors
compiling ZHFrame.c...
compiling ZFFrame.c...
..\app\4G\ZFFrame.c(152): warning:  #940-D: missing return statement at end of non-void function "ZF_SendHear" 
  }
..\app\4G\ZFFrame.c: 1 warning, 0 errors
compiling ModuleSIM7600.c...
..\app\4G\ModuleSIM7600.c(131): warning:  #177-D: variable "count"  was declared but never referenced
  	static INT8U count  = 10;
..\app\4G\ModuleSIM7600.c(1664): warning:  #1215-D: #warning directive: "FTP 闇�瑕佸鐞?
  #warning "FTP 闇�瑕佸鐞?"
..\app\4G\ModuleSIM7600.c(1798): warning:  #513-D: a value of type "uint8_t *" cannot be assigned to an entity of type "char *"
      poffset = pdata + 14;
..\app\4G\ModuleSIM7600.c(1778): warning:  #177-D: variable "pchar"  was declared but never referenced
      char * pchar  = "+HTTPREAD:";
..\app\4G\ModuleSIM7600.c(2375): warning:  #177-D: variable "a"  was declared but never referenced
      static uint32_t i,a= 0;
..\app\4G\ModuleSIM7600.c(2660): warning:  #177-D: variable "lenbuf"  was declared but never referenced
  	static char lenbuf[5] = {0};    //鎺ユ敹鐨勬暟鎹暱搴?
..\app\4G\ModuleSIM7600.c(2830): warning:  #177-D: variable "a"  was declared but never referenced
      static uint32_t i,a= 0;
..\app\4G\ModuleSIM7600.c(707): warning:  #177-D: function "Send_AT_CIPSEND"  was declared but never referenced
  static INT8U Send_AT_CIPSEND(INT8U num,INT8U len)
..\app\4G\ModuleSIM7600.c: 8 warnings, 0 errors
compiling HYFrame.c...
..\app\4G\HYFrame.c(813): warning:  #177-D: variable "Sendbuf"  was declared but never referenced
  	INT8U Sendbuf[200] = {0};
..\app\4G\HYFrame.c(950): warning:  #177-D: variable "count"  was declared but never referenced
  	static INT16U count = 0;
..\app\4G\HYFrame.c(1501): warning:  #177-D: variable "SendStartMsg1"  was declared but never referenced
  	static _BSP_MESSAGE SendStartMsg1[GUN_MAX];
..\app\4G\HYFrame.c(1502): warning:  #177-D: variable "Vinstate"  was declared but never referenced
  	static INT8U Vinstate = 0; //0澶辫触 1鎴愬姛
..\app\4G\HYFrame.c(1506): warning:  #177-D: variable "length"  was declared but never referenced
      int length;
..\app\4G\HYFrame.c(2165): warning:  #111-D: statement is unreachable
      printf("hy_cmd_type_1102 send_over");
..\app\4G\HYFrame.c: 6 warnings, 0 errors
compiling APFrame.c...
..\app\4G\APFrame.c(2264): warning:  #177-D: variable "Price"  was declared but never referenced
  	INT16U Price[TIME_QUANTUM_MAX];				//鐢典环 	0.01鍏? 	    
..\app\4G\APFrame.c(2265): warning:  #177-D: variable "CurTimeQuantum"  was declared but never referenced
  	_TIME_QUANTUM CurTimeQuantum[TIME_QUANTUM_MAX];		//褰撳墠澶勪簬鍝釜鏃堕棿娈?  灏? 宄? 骞? 鍙?
..\app\4G\APFrame.c(2799): warning:  #188-D: enumerated type mixed with another type
  			price.CurTimeQuantum[count] = lastseg - 1;				//褰撳墠澶勪簬鍝釜鏃堕棿娈?
..\app\4G\APFrame.c(2814): warning:  #188-D: enumerated type mixed with another type
  		price.CurTimeQuantum[TIME_QUANTUM_MAX - 1] = lastseg - 1;				//褰撳墠澶勪簬鍝釜鏃堕棿娈?
..\app\4G\APFrame.c(2821): warning:  #188-D: enumerated type mixed with another type
  		price.CurTimeQuantum[count] = lastseg - 1;				//褰撳墠澶勪簬鍝釜鏃堕棿娈?
..\app\4G\APFrame.c: 5 warnings, 0 errors
compiling cJSON.c...
..\CJSON\cJSONFiles\cJSON\cJSON.c(55): warning:  #1293-D: assignment in condition
        if (!(copy = (char*)cJSON_malloc(len))) return 0;
..\CJSON\cJSONFiles\cJSON\cJSON.c(278): warning:  #1293-D: assignment in condition
  	ptr=str;while ((token=*ptr) && ++len) {if (strchr("\"\\\b\f\n\r\t",token)) len++; else if (token<32) len+=5;ptr++;}
..\CJSON\cJSONFiles\cJSON\cJSON.c(352): warning:  #111-D: statement is unreachable
  	return p.buffer;
..\CJSON\cJSONFiles\cJSON\cJSON.c(423): warning:  #1293-D: assignment in condition
  		if (!(new_item=cJSON_New_Item())) return 0; 	/* memory fail */
..\CJSON\cJSONFiles\cJSON\cJSON.c(535): warning:  #1293-D: assignment in condition
  		if (!(new_item=cJSON_New_Item()))	return 0; /* memory fail */
..\CJSON\cJSONFiles\cJSON\cJSON.c: 5 warnings, 0 errors
compiling test.c...
compiling YKCFrame.c...
..\app\4G\YKCFrame.c(1888): warning:  #188-D: enumerated type mixed with another type
  		puser_card_info = GetGunCardInfo(gun); //鑾峰彇鍗″彿
..\app\4G\YKCFrame.c(1949): warning:  #188-D: enumerated type mixed with another type
  	puser_card_info = GetGunCardInfo(gun); //鑾峰彇鍗″彿
..\app\4G\YKCFrame.c(3106): warning:  #188-D: enumerated type mixed with another type
  		if(APP_GetErrState(gun) != 0x01)  //涓嶅湪鍏呯數
..\app\4G\YKCFrame.c(3260): warning:  #1215-D: #warning directive: "涓存椂鐩存帴杩斿洖"
  	#warning "涓存椂鐩存帴杩斿洖"
..\app\4G\YKCFrame.c(3261): warning:  #2748-D: null argument provided for parameter marked with attribute "nonnull"
  	memcpy(&FtpInfo,0,sizeof(FtpInfo));
..\app\4G\YKCFrame.c(3249): warning:  #177-D: variable "gun"  was declared but never referenced
  	INT8U gun;
..\app\4G\YKCFrame.c: 6 warnings, 0 errors
compiling AdAdjust.c...
compiling ADSamplemain.c...
linking...
Program Size: Code=177256 RO-data=6204 RW-data=7580 ZI-data=312124  
FromELF: creating hex file...
After Build - User command #2: fromelf --bin -o "C:\Users\Admin\Desktop\Pro413xin-240322-1720\Pro413xin-240322-1720\project\output\DCProject.bin" "C:\Users\Admin\Desktop\Pro413xin-240322-1720\Pro413xin-240322-1720\project\output\DCProject.axf"
".\output\DCProject.axf" - 0 Error(s), 102 Warning(s).

<h2>Software Packages used:</h2>

Package Vendor: ARM
                http://www.keil.com/pack/ARM.CMSIS.5.7.0.pack
                ARM.CMSIS.5.7.0
                CMSIS (Cortex Microcontroller Software Interface Standard)
   * Component: CORE Version: 5.4.0

Package Vendor: Keil
                http://www.keil.com/pack/Keil.STM32F4xx_DFP.2.15.0.pack
                Keil.STM32F4xx_DFP.2.15.0
                STMicroelectronics STM32F4 Series Device Support, Drivers and Examples

<h2>Collection of Component include folders:</h2>
  .\RTE\_stm32f429
  D:\keil_v5\ARM\CMSIS\5.7.0\CMSIS\Core\Include
  D:\keil_v5\Keil\STM32F4xx_DFP\2.15.0\Drivers\CMSIS\Device\ST\STM32F4xx\Include

<h2>Collection of Component Files used:</h2>

   * Component: ARM::CMSIS:CORE:5.4.0
Build Time Elapsed:  00:00:26
</pre>
</body>
</html>
